4853  19:54:34.095321 <... poll resumed> ) = 1 ([{fd=3, revents=POLLOUT}])
4849  19:54:34.095327 writev(4, [{"7\0\5\0\0\0@\5S\1\0\0\10\0\0\0\377\377\377\0\24\0\6\0S\1\0\0\27\0\0\0"..., 44}, {NULL, 0}, {"", 0}], 3 <unfinished ...>
4853  19:54:34.095336 writev(3, [{"\232\7\3\0\1\0\0\0\4\0\0\0", 12}], 1 <unfinished ...>
4849  19:54:34.095343 <... writev resumed> ) = 44
4853  19:54:34.095349 <... writev resumed> ) = 12
4849  19:54:34.095355 poll([{fd=4, events=POLLIN}], 1, -1 <unfinished ...>
4853  19:54:34.095361 poll([{fd=3, events=POLLIN}], 1, -1 <unfinished ...>
4849  19:54:34.095367 <... poll resumed> ) = 1 ([{fd=4, revents=POLLIN}])
4853  19:54:34.095374 <... poll resumed> ) = 1 ([{fd=3, revents=POLLIN}])
4849  19:54:34.095380 recvmsg(4,  <unfinished ...>
4853  19:54:34.095386 recvmsg(3,  <unfinished ...>
4849  19:54:34.095391 <... recvmsg resumed> {msg_name(0)=NULL, msg_iov(1)=[{"\1\10\4\0&\0\0\0\37\0\0\0\0\0\0\0\225\0\0\0\0\0\0\0\0\0\0\0\0\0\0\0"..., 4096}], msg_controllen=0, msg_flags=0}, 0) = 184
4853  19:54:34.095400 <... recvmsg resumed> {msg_name(0)=NULL, msg_iov(1)=[{"\1\0\n\0\0\0\0\0\1\0\0\0\4\0\0\0\0\0\0\0\0\0\0\0\0\0\0\0\0\0\0\0", 4096}], msg_controllen=0, msg_flags=0}, 0) = 32
4849  19:54:34.095408 recvmsg(4, 0x7ffef65f25e0, 0) = -1 EAGAIN (Resource temporarily unavailable)
4849  19:54:34.095430 poll([{fd=4, events=POLLIN|POLLOUT}], 1, -1 <unfinished ...>
4853  19:54:34.095438 poll([{fd=3, events=POLLIN|POLLOUT}], 1, -1 <unfinished ...>
4849  19:54:34.095444 <... poll resumed> ) = 1 ([{fd=4, revents=POLLOUT}])
4853  19:54:34.095451 <... poll resumed> ) = 1 ([{fd=3, revents=POLLOUT}])
4849  19:54:34.095457 writev(4, [{"b\0\5\0\t\0@\5", 8}, {"XKEYBOARD", 9}, {"\0\0\0", 3}], 3 <unfinished ...>
4853  19:54:34.095467 writev(3, [{"b\0\3\0\4\0\0\0DRI3b\0\4\0\7\0\0\0Present\0", 28}], 1 <unfinished ...>
4849  19:54:34.095479 <... writev resumed> ) = 20
4853  19:54:34.095486 <... writev resumed> ) = 28
4849  19:54:34.095496 poll([{fd=4, events=POLLIN}], 1, -1 <unfinished ...>
4853  19:54:34.095505 poll([{fd=3, events=POLLIN}], 1, -1 <unfinished ...>
4849  19:54:34.095511 <... poll resumed> ) = 1 ([{fd=4, revents=POLLIN}])
4853  19:54:34.095518 <... poll resumed> ) = 1 ([{fd=3, revents=POLLIN}])
4849  19:54:34.095525 recvmsg(4,  <unfinished ...>
4853  19:54:34.095531 recvmsg(3,  <unfinished ...>
4849  19:54:34.095536 <... recvmsg resumed> {msg_name(0)=NULL, msg_iov(1)=[{"\1\0\5\0\0\0\0\0\1\207U\211\0\0\0\0\0\0\0\0\0\0\0\0\0\0\0\0\0\0\0\0", 4096}], msg_controllen=0, msg_flags=0}, 0) = 32
4853  19:54:34.095545 <... recvmsg resumed> {msg_name(0)=NULL, msg_iov(1)=[{"\1\0\v\0\0\0\0\0\0\0\0\0\0\0\0\0\0\0\0\0\0\0\0\0\0\0\0\0\0\0\0\0"..., 4096}], msg_controllen=0, msg_flags=0}, 0) = 64
4849  19:54:34.095553 recvmsg(4, 0x7ffef65f24b0, 0) = -1 EAGAIN (Resource temporarily unavailable)
4853  19:54:34.095570 recvmsg(3,  <unfinished ...>
4849  19:54:34.095577 recvmsg(4,  <unfinished ...>
4853  19:54:34.095583 <... recvmsg resumed> 0x7ffef65f2000, 0) = -1 EAGAIN (Resource temporarily unavailable)
4849  19:54:34.095589 <... recvmsg resumed> 0x7ffef65f24b0, 0) = -1 EAGAIN (Resource temporarily unavailable)
4853  19:54:34.095596 recvmsg(3,  <unfinished ...>
4849  19:54:34.095601 poll([{fd=4, events=POLLIN|POLLOUT}], 1, -1 <unfinished ...>
4853  19:54:34.095609 <... recvmsg resumed> 0x7ffef65f2000, 0) = -1 EAGAIN (Resource temporarily unavailable)
4849  19:54:34.095614 <... poll resumed> ) = 1 ([{fd=4, revents=POLLOUT}])
4853  19:54:34.095621 poll([{fd=3, events=POLLIN|POLLOUT}], 1, -1 <unfinished ...>
4849  19:54:34.095628 writev(4, [{"\207\0\2\0\1\0\0\0", 8}, {NULL, 0}, {"", 0}], 3 <unfinished ...>
4853  19:54:34.095637 <... poll resumed> ) = 1 ([{fd=3, revents=POLLOUT}])
4849  19:54:34.095643 <... writev resumed> ) = 8
4853  19:54:34.095649 writev(3, [{"b\0\3\0\4\0\0\0", 8}, {"DRI2", 4}, {"", 0}], 3 <unfinished ...>
4849  19:54:34.095658 poll([{fd=4, events=POLLIN}], 1, -1 <unfinished ...>
4853  19:54:34.095665 <... writev resumed> ) = 12
4853  19:54:34.095674 poll([{fd=3, events=POLLIN}], 1, -1 <unfinished ...>
4849  19:54:34.095700 <... poll resumed> ) = 1 ([{fd=4, revents=POLLIN}])
4849  19:54:34.095710 recvmsg(4,  <unfinished ...>
4853  19:54:34.095716 <... poll resumed> ) = 1 ([{fd=3, revents=POLLIN}])
4849  19:54:34.095722 <... recvmsg resumed> {msg_name(0)=NULL, msg_iov(1)=[{"\1\1\6\0\0\0\0\0\1\0\0\0\0\0\0\0\0\0\0\0\0\0\0\0\0\0\0\0\0\0\0\0", 4096}], msg_controllen=0, msg_flags=0}, 0) = 32
4853  19:54:34.095730 recvmsg(3,  <unfinished ...>
4849  19:54:34.095736 recvmsg(4,  <unfinished ...>
4853  19:54:34.095742 <... recvmsg resumed> {msg_name(0)=NULL, msg_iov(1)=[{"\1\0\r\0\0\0\0\0\1\231f\0\0\0\0\0\0\0\0\0\0\0\0\0\0\0\0\0\0\0\0\0", 4096}], msg_controllen=0, msg_flags=0}, 0) = 32
4849  19:54:34.095750 <... recvmsg resumed> 0x7ffef65f2560, 0) = -1 EAGAIN (Resource temporarily unavailable)
4853  19:54:34.095757 recvmsg(3,  <unfinished ...>
4849  19:54:34.095762 recvmsg(4,  <unfinished ...>
4853  19:54:34.095768 <... recvmsg resumed> 0x7ffef65f2010, 0) = -1 EAGAIN (Resource temporarily unavailable)
4849  19:54:34.095773 <... recvmsg resumed> 0x7ffef65f2560, 0) = -1 EAGAIN (Resource temporarily unavailable)
4853  19:54:34.095780 poll([{fd=3, events=POLLIN|POLLOUT}], 1, -1 <unfinished ...>
4849  19:54:34.095790 futex(0x7f03bd375428, FUTEX_WAKE_PRIVATE, 2147483647 <unfinished ...>
4853  19:54:34.095796 <... poll resumed> ) = 1 ([{fd=3, revents=POLLOUT}])
4849  19:54:34.095802 <... futex resumed> ) = 0
4853  19:54:34.095808 writev(3, [{"b\0\10\0\27\0\0\0", 8}, {"Generic Event Extension", 23}, {"\0", 1}], 3 <unfinished ...>
4849  19:54:34.095817 futex(0x7f03bd375428, FUTEX_WAKE_PRIVATE, 2147483647 <unfinished ...>
4853  19:54:34.095824 <... writev resumed> ) = 32
4849  19:54:34.095829 <... futex resumed> ) = 0
4853  19:54:34.095835 poll([{fd=3, events=POLLIN}], 1, -1 <unfinished ...>
4849  19:54:34.095844 futex(0x7f03bd375428, FUTEX_WAKE_PRIVATE, 2147483647) = 0
4849  19:54:34.095867 futex(0x7f03bd375428, FUTEX_WAKE_PRIVATE, 2147483647 <unfinished ...>
4853  19:54:34.095874 <... poll resumed> ) = 1 ([{fd=3, revents=POLLIN}])
4849  19:54:34.095880 <... futex resumed> ) = 0
4853  19:54:34.095886 recvmsg(3, {msg_name(0)=NULL, msg_iov(1)=[{"\1\0\16\0\0\0\0\0\1\200\0\0\0\0\0\0\0\0\0\0\0\0\0\0\0\0\0\0\0\0\0\0", 4096}], msg_controllen=0, msg_flags=0}, 0) = 32
4853  19:54:34.095904 recvmsg(3, 0x7ffef65f1f70, 0) = -1 EAGAIN (Resource temporarily unavailable)
4853  19:54:34.095919 recvmsg(3, 0x7ffef65f1f70, 0) = -1 EAGAIN (Resource temporarily unavailable)
4849  19:54:34.095935 poll([{fd=4, events=POLLIN|POLLOUT}], 1, -1 <unfinished ...>
4853  19:54:34.095944 poll([{fd=3, events=POLLIN|POLLOUT}], 1, -1 <unfinished ...>
4849  19:54:34.095951 <... poll resumed> ) = 1 ([{fd=4, revents=POLLOUT}])
4853  19:54:34.095958 <... poll resumed> ) = 1 ([{fd=3, revents=POLLOUT}])
4849  19:54:34.095964 writev(4, [{"\20\0\5\0\v\0\0\0UTF8_STRING\0\20\0\6\0\20\0\0\0WM_C"..., 1344}, {NULL, 0}, {"", 0}], 3 <unfinished ...>
4853  19:54:34.095973 writev(3, [{"\200\0\2\0\1\0\0\0", 8}, {NULL, 0}, {"", 0}], 3 <unfinished ...>
4849  19:54:34.095981 <... writev resumed> ) = 1344
4853  19:54:34.095987 <... writev resumed> ) = 8
4849  19:54:34.095992 poll([{fd=4, events=POLLIN}], 1, -1 <unfinished ...>
4853  19:54:34.095999 poll([{fd=3, events=POLLIN}], 1, -1 <unfinished ...>
4849  19:54:34.096030 <... poll resumed> ) = 1 ([{fd=4, revents=POLLIN}])
4849  19:54:34.096040 recvmsg(4, {msg_name(0)=NULL, msg_iov(1)=[{"\1\0\7\0\0\0\0\0004\1\0\0\0\0\0\0\0\0\0\0\0\0\0\0\0\0\0\0\0\0\0\0"..., 4096}], msg_controllen=0, msg_flags=0}, 0) = 800
4849  19:54:34.096068 recvmsg(4, {msg_name(0)=NULL, msg_iov(1)=[{"\1\0 \0\0\0\0\0M\1\0\0\0\0\0\0\0\0\0\0\0\0\0\0\0\0\0\0\0\0\0\0"..., 4096}], msg_controllen=0, msg_flags=0}, 0) = 704
4853  19:54:34.096093 <... poll resumed> ) = 1 ([{fd=3, revents=POLLIN}])
4849  19:54:34.096099 recvmsg(4,  <unfinished ...>
4853  19:54:34.096105 recvmsg(3,  <unfinished ...>
4849  19:54:34.096110 <... recvmsg resumed> 0x7ffef65f25b0, 0) = -1 EAGAIN (Resource temporarily unavailable)
4853  19:54:34.096117 <... recvmsg resumed> {msg_name(0)=NULL, msg_iov(1)=[{"\1\0\17\0\0\0\0\0\1\0\0\0\0\0\0\0\0\0\0\0\0\0\0\0\0\0\0\0\0\0\0\0", 4096}], msg_controllen=0, msg_flags=0}, 0) = 32
4849  19:54:34.096125 recvmsg(4,  <unfinished ...>
4853  19:54:34.096131 recvmsg(3,  <unfinished ...>
4849  19:54:34.096136 <... recvmsg resumed> 0x7ffef65f25b0, 0) = -1 EAGAIN (Resource temporarily unavailable)
4853  19:54:34.096142 <... recvmsg resumed> 0x7ffef65f2030, 0) = -1 EAGAIN (Resource temporarily unavailable)
4849  19:54:34.096148 recvmsg(4,  <unfinished ...>
4853  19:54:34.096154 recvmsg(3,  <unfinished ...>
4849  19:54:34.096159 <... recvmsg resumed> 0x7ffef65f25b0, 0) = -1 EAGAIN (Resource temporarily unavailable)
4853  19:54:34.096165 <... recvmsg resumed> 0x7ffef65f2030, 0) = -1 EAGAIN (Resource temporarily unavailable)
4849  19:54:34.096171 recvmsg(4, 0x7ffef65f25b0, 0) = -1 EAGAIN (Resource temporarily unavailable)
4853  19:54:34.096184 poll([{fd=3, events=POLLIN|POLLOUT}], 1, -1 <unfinished ...>
4849  19:54:34.096191 recvmsg(4,  <unfinished ...>
4853  19:54:34.096197 <... poll resumed> ) = 1 ([{fd=3, revents=POLLOUT}])
4849  19:54:34.096203 <... recvmsg resumed> 0x7ffef65f25b0, 0) = -1 EAGAIN (Resource temporarily unavailable)
4853  19:54:34.096210 writev(3, [{"\231\0\3\0\1\0\0\0\4\0\0\0", 12}, {NULL, 0}, {"", 0}], 3 <unfinished ...>
4849  19:54:34.096217 recvmsg(4,  <unfinished ...>
4853  19:54:34.096224 <... writev resumed> ) = 12
4849  19:54:34.096229 <... recvmsg resumed> 0x7ffef65f25b0, 0) = -1 EAGAIN (Resource temporarily unavailable)
4853  19:54:34.096236 poll([{fd=3, events=POLLIN}], 1, -1 <unfinished ...>
4849  19:54:34.096242 recvmsg(4, 0x7ffef65f25b0, 0) = -1 EAGAIN (Resource temporarily unavailable)
4849  19:54:34.096258 recvmsg(4, 0x7ffef65f25b0, 0) = -1 EAGAIN (Resource temporarily unavailable)
4849  19:54:34.096275 recvmsg(4,  <unfinished ...>
4853  19:54:34.096281 <... poll resumed> ) = 1 ([{fd=3, revents=POLLIN}])
4849  19:54:34.096287 <... recvmsg resumed> 0x7ffef65f25b0, 0) = -1 EAGAIN (Resource temporarily unavailable)
4853  19:54:34.096294 recvmsg(3,  <unfinished ...>
4849  19:54:34.096299 recvmsg(4,  <unfinished ...>
4853  19:54:34.096305 <... recvmsg resumed> {msg_name(0)=NULL, msg_iov(1)=[{"\1\0\20\0\0\0\0\0\1\0\0\0\3\0\0\0\0\0\0\0\0\0\0\0\0\0\0\0\0\0\0\0", 4096}], msg_controllen=0, msg_flags=0}, 0) = 32
4849  19:54:34.096312 <... recvmsg resumed> 0x7ffef65f25b0, 0) = -1 EAGAIN (Resource temporarily unavailable)
4853  19:54:34.096319 recvmsg(3,  <unfinished ...>
4849  19:54:34.096324 recvmsg(4,  <unfinished ...>
4853  19:54:34.096330 <... recvmsg resumed> 0x7ffef65f20d0, 0) = -1 EAGAIN (Resource temporarily unavailable)
4849  19:54:34.096335 <... recvmsg resumed> 0x7ffef65f25b0, 0) = -1 EAGAIN (Resource temporarily unavailable)
4853  19:54:34.096342 recvmsg(3,  <unfinished ...>
4849  19:54:34.096347 recvmsg(4,  <unfinished ...>
4853  19:54:34.096353 <... recvmsg resumed> 0x7ffef65f20d0, 0) = -1 EAGAIN (Resource temporarily unavailable)
4849  19:54:34.096358 <... recvmsg resumed> 0x7ffef65f25b0, 0) = -1 EAGAIN (Resource temporarily unavailable)
4853  19:54:34.096366 poll([{fd=3, events=POLLIN|POLLOUT}], 1, -1 <unfinished ...>
4849  19:54:34.096373 recvmsg(4,  <unfinished ...>
4853  19:54:34.096379 <... poll resumed> ) = 1 ([{fd=3, revents=POLLOUT}])
4849  19:54:34.096385 <... recvmsg resumed> 0x7ffef65f25b0, 0) = -1 EAGAIN (Resource temporarily unavailable)
4853  19:54:34.096391 writev(3, [{"b\0\5\0\v\0\0\0", 8}, {"XFree86-DRI", 11}, {"\0", 1}], 3 <unfinished ...>
4849  19:54:34.096400 recvmsg(4,  <unfinished ...>
4853  19:54:34.096407 <... writev resumed> ) = 20
4849  19:54:34.096412 <... recvmsg resumed> 0x7ffef65f25b0, 0) = -1 EAGAIN (Resource temporarily unavailable)
4853  19:54:34.096419 poll([{fd=3, events=POLLIN}], 1, -1 <unfinished ...>
4849  19:54:34.096425 recvmsg(4, 0x7ffef65f25b0, 0) = -1 EAGAIN (Resource temporarily unavailable)
4849  19:54:34.096441 recvmsg(4, 0x7ffef65f25b0, 0) = -1 EAGAIN (Resource temporarily unavailable)
4849  19:54:34.096456 recvmsg(4,  <unfinished ...>
4853  19:54:34.096462 <... poll resumed> ) = 1 ([{fd=3, revents=POLLIN}])
4849  19:54:34.096468 <... recvmsg resumed> 0x7ffef65f25b0, 0) = -1 EAGAIN (Resource temporarily unavailable)
4853  19:54:34.096474 recvmsg(3,  <unfinished ...>
4849  19:54:34.096479 recvmsg(4,  <unfinished ...>
4853  19:54:34.096485 <... recvmsg resumed> {msg_name(0)=NULL, msg_iov(1)=[{"\1\0\21\0\0\0\0\0\0\0\0\0\0\0\0\0\0\0\0\0\0\0\0\0\0\0\0\0\0\0\0\0", 4096}], msg_controllen=0, msg_flags=0}, 0) = 32
4849  19:54:34.096493 <... recvmsg resumed> 0x7ffef65f25b0, 0) = -1 EAGAIN (Resource temporarily unavailable)
4853  19:54:34.096499 recvmsg(3,  <unfinished ...>
4849  19:54:34.096504 recvmsg(4,  <unfinished ...>
4853  19:54:34.096510 <... recvmsg resumed> 0x7ffef65f2010, 0) = -1 EAGAIN (Resource temporarily unavailable)
4849  19:54:34.096516 <... recvmsg resumed> 0x7ffef65f25b0, 0) = -1 EAGAIN (Resource temporarily unavailable)
4853  19:54:34.096522 recvmsg(3,  <unfinished ...>
4849  19:54:34.096527 recvmsg(4,  <unfinished ...>
4853  19:54:34.096533 <... recvmsg resumed> 0x7ffef65f2010, 0) = -1 EAGAIN (Resource temporarily unavailable)
4849  19:54:34.096538 <... recvmsg resumed> 0x7ffef65f25b0, 0) = -1 EAGAIN (Resource temporarily unavailable)
4849  19:54:34.096550 recvmsg(4,  <unfinished ...>
4853  19:54:34.096556 poll([{fd=3, events=POLLIN|POLLOUT}], 1, -1 <unfinished ...>
4849  19:54:34.096563 <... recvmsg resumed> 0x7ffef65f25b0, 0) = -1 EAGAIN (Resource temporarily unavailable)
4853  19:54:34.096569 <... poll resumed> ) = 1 ([{fd=3, revents=POLLOUT}])
4849  19:54:34.096576 recvmsg(4,  <unfinished ...>
4853  19:54:34.096581 writev(3, [{"\232\23\3\0\0\0\0\0\2\0\0\0", 12}], 1 <unfinished ...>
4849  19:54:34.096588 <... recvmsg resumed> 0x7ffef65f25b0, 0) = -1 EAGAIN (Resource temporarily unavailable)
4853  19:54:34.096595 <... writev resumed> ) = 12
4849  19:54:34.096603 recvmsg(4,  <unfinished ...>
4853  19:54:34.096609 poll([{fd=3, events=POLLIN}], 1, -1 <unfinished ...>
4849  19:54:34.096616 <... recvmsg resumed> 0x7ffef65f25b0, 0) = -1 EAGAIN (Resource temporarily unavailable)
4849  19:54:34.096626 recvmsg(4, 0x7ffef65f25b0, 0) = -1 EAGAIN (Resource temporarily unavailable)
4849  19:54:34.096640 recvmsg(4, 0x7ffef65f25b0, 0) = -1 EAGAIN (Resource temporarily unavailable)
4853  19:54:34.096652 <... poll resumed> ) = 1 ([{fd=3, revents=POLLIN}])
4849  19:54:34.096659 recvmsg(4,  <unfinished ...>
4853  19:54:34.096665 recvmsg(3,  <unfinished ...>
4849  19:54:34.096670 <... recvmsg resumed> 0x7ffef65f25b0, 0) = -1 EAGAIN (Resource temporarily unavailable)
4853  19:54:34.096677 <... recvmsg resumed> {msg_name(0)=NULL, msg_iov(1)=[{"\1\0\22\0\1\0\0\0\0\0\0\0\4\0\0\0\0\0\0\0\0\0\0\0\0\0\0\0\0\0\0\0"..., 4096}], msg_controllen=0, msg_flags=0}, 0) = 36
4849  19:54:34.096684 recvmsg(4, 0x7ffef65f25b0, 0) = -1 EAGAIN (Resource temporarily unavailable)
4853  19:54:34.096699 recvmsg(3,  <unfinished ...>
4849  19:54:34.096705 recvmsg(4,  <unfinished ...>
4853  19:54:34.096711 <... recvmsg resumed> 0x7ffef65f2050, 0) = -1 EAGAIN (Resource temporarily unavailable)
4849  19:54:34.096716 <... recvmsg resumed> 0x7ffef65f25b0, 0) = -1 EAGAIN (Resource temporarily unavailable)
4853  19:54:34.096722 recvmsg(3,  <unfinished ...>
4849  19:54:34.096728 recvmsg(4,  <unfinished ...>
4853  19:54:34.096733 <... recvmsg resumed> 0x7ffef65f2050, 0) = -1 EAGAIN (Resource temporarily unavailable)
4849  19:54:34.096739 <... recvmsg resumed> 0x7ffef65f25b0, 0) = -1 EAGAIN (Resource temporarily unavailable)
4853  19:54:34.096745 poll([{fd=3, events=POLLIN|POLLOUT}], 1, -1 <unfinished ...>
4849  19:54:34.096752 recvmsg(4,  <unfinished ...>
4853  19:54:34.096758 <... poll resumed> ) = 1 ([{fd=3, revents=POLLOUT}])
4849  19:54:34.096764 <... recvmsg resumed> 0x7ffef65f25b0, 0) = -1 EAGAIN (Resource temporarily unavailable)
4853  19:54:34.096770 writev(3, [{"\232\16\2\0\0\0\0\0", 8}, {NULL, 0}, {"", 0}], 3 <unfinished ...>
4849  19:54:34.096778 recvmsg(4,  <unfinished ...>
4853  19:54:34.096785 <... writev resumed> ) = 8
4849  19:54:34.096790 <... recvmsg resumed> 0x7ffef65f25b0, 0) = -1 EAGAIN (Resource temporarily unavailable)
4853  19:54:34.096796 poll([{fd=3, events=POLLIN}], 1, -1 <unfinished ...>
4849  19:54:34.096803 recvmsg(4,  <unfinished ...>
4853  19:54:34.096809 <... poll resumed> ) = 1 ([{fd=3, revents=POLLIN}])
4849  19:54:34.096815 <... recvmsg resumed> 0x7ffef65f25b0, 0) = -1 EAGAIN (Resource temporarily unavailable)
4853  19:54:34.096821 recvmsg(3,  <unfinished ...>
4849  19:54:34.096826 recvmsg(4, 0x7ffef65f25b0, 0) = -1 EAGAIN (Resource temporarily unavailable)
4853  19:54:34.096840 <... recvmsg resumed> {msg_name(0)=NULL, msg_iov(1)=[{"\1\0\23\0 \r\0\0T\0\0\0(\0\0\0\0\0\0\0\0\0\0\0\0\0\0\0\0\0\0\0"..., 4096}], msg_controllen=0, msg_flags=0}, 0) = 4096
4849  19:54:34.096849 recvmsg(4,  <unfinished ...>
4853  19:54:34.096856 recvfrom(3,  <unfinished ...>
4849  19:54:34.096861 <... recvmsg resumed> 0x7ffef65f25b0, 0) = -1 EAGAIN (Resource temporarily unavailable)
4849  19:54:34.096873 recvmsg(4, 0x7ffef65f25b0, 0) = -1 EAGAIN (Resource temporarily unavailable)
4849  19:54:34.096892 recvmsg(4,  <unfinished ...>
4853  19:54:34.096898 <... recvfrom resumed> "\0\0\0\0\0\0\0\0 \0\0\0\0\200\0\0#\0\0\0\0\200\0\0%\0\0\0\377\377\377\377"..., 9376, 0, NULL, NULL) = 9376
4849  19:54:34.096905 <... recvmsg resumed> 0x7ffef65f25b0, 0) = -1 EAGAIN (Resource temporarily unavailable)
4853  19:54:34.096912 recvmsg(3,  <unfinished ...>
4849  19:54:34.096917 recvmsg(4,  <unfinished ...>
4853  19:54:34.096923 <... recvmsg resumed> 0x7ffef65f2060, 0) = -1 EAGAIN (Resource temporarily unavailable)
4849  19:54:34.096929 <... recvmsg resumed> 0x7ffef65f25b0, 0) = -1 EAGAIN (Resource temporarily unavailable)
4849  19:54:34.096940 recvmsg(4, 0x7ffef65f25b0, 0) = -1 EAGAIN (Resource temporarily unavailable)
4853  19:54:34.096955 poll([{fd=3, events=POLLIN|POLLOUT}], 1, -1 <unfinished ...>
4849  19:54:34.096963 recvmsg(4,  <unfinished ...>
4853  19:54:34.096972 <... poll resumed> ) = 1 ([{fd=3, revents=POLLOUT}])
4849  19:54:34.096978 <... recvmsg resumed> 0x7ffef65f25b0, 0) = -1 EAGAIN (Resource temporarily unavailable)
4853  19:54:34.096984 writev(3, [{"\232\23\3\0\0\0\0\0\3\0\0\0", 12}], 1 <unfinished ...>
4849  19:54:34.096991 recvmsg(4,  <unfinished ...>
4853  19:54:34.096998 <... writev resumed> ) = 12
4849  19:54:34.097003 <... recvmsg resumed> 0x7ffef65f25b0, 0) = -1 EAGAIN (Resource temporarily unavailable)
4853  19:54:34.097010 poll([{fd=3, events=POLLIN}], 1, -1 <unfinished ...>
4849  19:54:34.097016 recvmsg(4,  <unfinished ...>
4853  19:54:34.097022 <... poll resumed> ) = 1 ([{fd=3, revents=POLLIN}])
4849  19:54:34.097028 <... recvmsg resumed> 0x7ffef65f25b0, 0) = -1 EAGAIN (Resource temporarily unavailable)
4853  19:54:34.097034 recvmsg(3,  <unfinished ...>
4849  19:54:34.097039 recvmsg(4,  <unfinished ...>
4853  19:54:34.097046 <... recvmsg resumed> {msg_name(0)=NULL, msg_iov(1)=[{"\1\0\24\0\211\0\0\0\0\0\0\0\"\2\0\0\0\0\0\0\0\0\0\0\0\0\0\0\0\0\0\0"..., 4096}], msg_controllen=0, msg_flags=0}, 0) = 580
4849  19:54:34.097053 <... recvmsg resumed> 0x7ffef65f25b0, 0) = -1 EAGAIN (Resource temporarily unavailable)
4853  19:54:34.097061 recvmsg(3,  <unfinished ...>
4849  19:54:34.097067 recvmsg(4,  <unfinished ...>
4853  19:54:34.097073 <... recvmsg resumed> 0x7ffef65f2050, 0) = -1 EAGAIN (Resource temporarily unavailable)
4849  19:54:34.097078 <... recvmsg resumed> 0x7ffef65f25b0, 0) = -1 EAGAIN (Resource temporarily unavailable)
4853  19:54:34.097085 recvmsg(3,  <unfinished ...>
4849  19:54:34.097090 recvmsg(4,  <unfinished ...>
4853  19:54:34.097095 <... recvmsg resumed> 0x7ffef65f2050, 0) = -1 EAGAIN (Resource temporarily unavailable)
4849  19:54:34.097101 <... recvmsg resumed> 0x7ffef65f25b0, 0) = -1 EAGAIN (Resource temporarily unavailable)
4853  19:54:34.097107 poll([{fd=3, events=POLLIN|POLLOUT}], 1, -1 <unfinished ...>
4849  19:54:34.097114 recvmsg(4,  <unfinished ...>
4853  19:54:34.097120 <... poll resumed> ) = 1 ([{fd=3, revents=POLLOUT}])
4849  19:54:34.097126 <... recvmsg resumed> 0x7ffef65f25b0, 0) = -1 EAGAIN (Resource temporarily unavailable)
4853  19:54:34.097132 writev(3, [{"\232\25\2\0\0\0\0\0", 8}, {NULL, 0}, {"", 0}], 3 <unfinished ...>
4849  19:54:34.097140 recvmsg(4,  <unfinished ...>
4853  19:54:34.097146 <... writev resumed> ) = 8
4849  19:54:34.097151 <... recvmsg resumed> 0x7ffef65f25b0, 0) = -1 EAGAIN (Resource temporarily unavailable)
4853  19:54:34.097158 poll([{fd=3, events=POLLIN}], 1, -1 <unfinished ...>
4849  19:54:34.097164 recvmsg(4,  <unfinished ...>
4853  19:54:34.097170 <... poll resumed> ) = 1 ([{fd=3, revents=POLLIN}])
4849  19:54:34.097176 <... recvmsg resumed> 0x7ffef65f25b0, 0) = -1 EAGAIN (Resource temporarily unavailable)
4853  19:54:34.097183 recvmsg(3,  <unfinished ...>
4849  19:54:34.097188 recvmsg(4, 0x7ffef65f25b0, 0) = -1 EAGAIN (Resource temporarily unavailable)
4853  19:54:34.097201 <... recvmsg resumed> {msg_name(0)=NULL, msg_iov(1)=[{"\1\0\25\0\340'\0\0t\0\0\0,\0\0\0\0\0\0\0\0\0\0\0\0\0\0\0\0\0\0\0"..., 4096}], msg_controllen=0, msg_flags=0}, 0) = 4096
4849  19:54:34.097209 recvmsg(4,  <unfinished ...>
4853  19:54:34.097216 recvfrom(3,  <unfinished ...>
4849  19:54:34.097222 <... recvmsg resumed> 0x7ffef65f25b0, 0) = -1 EAGAIN (Resource temporarily unavailable)
4849  19:54:34.097233 recvmsg(4, 0x7ffef65f25b0, 0) = -1 EAGAIN (Resource temporarily unavailable)
4849  19:54:34.097252 recvmsg(4, 0x7ffef65f25b0, 0) = -1 EAGAIN (Resource temporarily unavailable)
4849  19:54:34.097272 recvmsg(4,  <unfinished ...>
4853  19:54:34.097280 <... recvfrom resumed> "&\0\0\0\377\377\377\377'\0\0\0\377\377\377\377(\0\0\0\377\377\377\377$\0\0\0\0\0\0\0"..., 36768, 0, NULL, NULL) = 36768
4849  19:54:34.097287 <... recvmsg resumed> 0x7ffef65f25b0, 0) = -1 EAGAIN (Resource temporarily unavailable)
4853  19:54:34.097294 recvmsg(3,  <unfinished ...>
4849  19:54:34.097299 recvmsg(4,  <unfinished ...>
4853  19:54:34.097305 <... recvmsg resumed> 0x7ffef65f2060, 0) = -1 EAGAIN (Resource temporarily unavailable)
4849  19:54:34.097313 <... recvmsg resumed> 0x7ffef65f25b0, 0) = -1 EAGAIN (Resource temporarily unavailable)
4849  19:54:34.097325 recvmsg(4, 0x7ffef65f25b0, 0) = -1 EAGAIN (Resource temporarily unavailable)
4849  19:54:34.097343 recvmsg(4, 0x7ffef65f25b0, 0) = -1 EAGAIN (Resource temporarily unavailable)
4853  19:54:34.097359 poll([{fd=3, events=POLLIN|POLLOUT}], 1, -1 <unfinished ...>
4849  19:54:34.097367 recvmsg(4,  <unfinished ...>
4853  19:54:34.097373 <... poll resumed> ) = 1 ([{fd=3, revents=POLLOUT}])
4849  19:54:34.097379 <... recvmsg resumed> 0x7ffef65f25b0, 0) = -1 EAGAIN (Resource temporarily unavailable)
4853  19:54:34.097385 writev(3, [{"\231\1\3\0S\1\0\0\0\0\0\0", 12}, {NULL, 0}, {"", 0}], 3 <unfinished ...>
4849  19:54:34.097393 recvmsg(4,  <unfinished ...>
4853  19:54:34.097400 <... writev resumed> ) = 12
4849  19:54:34.097405 <... recvmsg resumed> 0x7ffef65f25b0, 0) = -1 EAGAIN (Resource temporarily unavailable)
4853  19:54:34.097412 poll([{fd=3, events=POLLIN}], 1, -1 <unfinished ...>
4849  19:54:34.097419 recvmsg(4,  <unfinished ...>
4853  19:54:34.097425 <... poll resumed> ) = 1 ([{fd=3, revents=POLLIN}])
4849  19:54:34.097431 <... recvmsg resumed> 0x7ffef65f25b0, 0) = -1 EAGAIN (Resource temporarily unavailable)
4853  19:54:34.097437 recvmsg(3,  <unfinished ...>
4849  19:54:34.097442 recvmsg(4,  <unfinished ...>
4853  19:54:34.097448 <... recvmsg resumed> {msg_name(0)=NULL, msg_iov(1)=[{"\1\0\26\0\5\0\0\0\4\0\0\0\16\0\0\0\0\0\0\0\0\0\0\0\0\0\0\0\0\0\0\0"..., 4096}], msg_controllen=0, msg_flags=0}, 0) = 52
4849  19:54:34.097456 <... recvmsg resumed> 0x7ffef65f25b0, 0) = -1 EAGAIN (Resource temporarily unavailable)
4853  19:54:34.097463 recvmsg(3,  <unfinished ...>
4849  19:54:34.097468 recvmsg(4,  <unfinished ...>
4853  19:54:34.097474 <... recvmsg resumed> 0x7ffef65f2060, 0) = -1 EAGAIN (Resource temporarily unavailable)
4849  19:54:34.097479 <... recvmsg resumed> 0x7ffef65f25b0, 0) = -1 EAGAIN (Resource temporarily unavailable)
4853  19:54:34.097486 recvmsg(3,  <unfinished ...>
4849  19:54:34.097491 recvmsg(4,  <unfinished ...>
4853  19:54:34.097497 <... recvmsg resumed> 0x7ffef65f2060, 0) = -1 EAGAIN (Resource temporarily unavailable)
4849  19:54:34.097502 <... recvmsg resumed> 0x7ffef65f25b0, 0) = -1 EAGAIN (Resource temporarily unavailable)
4853  19:54:34.097509 open("/dev/dri/card0", O_RDWR|O_CLOEXEC <unfinished ...>
4849  19:54:34.097517 recvmsg(4, 0x7ffef65f25b0, 0) = -1 EAGAIN (Resource temporarily unavailable)
4849  19:54:34.097534 recvmsg(4,  <unfinished ...>
4853  19:54:34.097542 <... open resumed> ) = 5
4849  19:54:34.097547 <... recvmsg resumed> 0x7ffef65f25b0, 0) = -1 EAGAIN (Resource temporarily unavailable)
4853  19:54:34.097555 ioctl(5, DRM_IOCTL_GET_MAGIC <unfinished ...>
4849  19:54:34.097561 recvmsg(4,  <unfinished ...>
4853  19:54:34.097568 <... ioctl resumed> , 0x7ffef65f2250) = 0
4849  19:54:34.097573 <... recvmsg resumed> 0x7ffef65f25b0, 0) = -1 EAGAIN (Resource temporarily unavailable)
4853  19:54:34.097580 poll([{fd=3, events=POLLIN|POLLOUT}], 1, -1 <unfinished ...>
4849  19:54:34.097586 recvmsg(4,  <unfinished ...>
4853  19:54:34.097592 <... poll resumed> ) = 1 ([{fd=3, revents=POLLOUT}])
4849  19:54:34.097599 <... recvmsg resumed> 0x7ffef65f25b0, 0) = -1 EAGAIN (Resource temporarily unavailable)
4853  19:54:34.097605 writev(3, [{"\231\2\3\0S\1\0\0\3\0\0\0", 12}, {NULL, 0}, {"", 0}], 3 <unfinished ...>
4849  19:54:34.097613 recvmsg(4,  <unfinished ...>
4853  19:54:34.097620 <... writev resumed> ) = 12
4849  19:54:34.097625 <... recvmsg resumed> 0x7ffef65f25b0, 0) = -1 EAGAIN (Resource temporarily unavailable)
4853  19:54:34.097631 poll([{fd=3, events=POLLIN}], 1, -1 <unfinished ...>
4849  19:54:34.097638 recvmsg(4, 0x7ffef65f25b0, 0) = -1 EAGAIN (Resource temporarily unavailable)
4849  19:54:34.097653 recvmsg(4, 0x7ffef65f25b0, 0) = -1 EAGAIN (Resource temporarily unavailable)
4849  19:54:34.097668 recvmsg(4,  <unfinished ...>
4853  19:54:34.097674 <... poll resumed> ) = 1 ([{fd=3, revents=POLLIN}])
4849  19:54:34.097681 <... recvmsg resumed> 0x7ffef65f25b0, 0) = -1 EAGAIN (Resource temporarily unavailable)
4853  19:54:34.097690 recvmsg(3,  <unfinished ...>
4849  19:54:34.097695 recvmsg(4,  <unfinished ...>
4853  19:54:34.097702 <... recvmsg resumed> {msg_name(0)=NULL, msg_iov(1)=[{"\1\0\27\0\0\0\0\0\1\0\0\0\0\0\0\0\0\0\0\0\0\0\0\0\0\0\0\0\0\0\0\0", 4096}], msg_controllen=0, msg_flags=0}, 0) = 32
4849  19:54:34.097709 <... recvmsg resumed> 0x7ffef65f25b0, 0) = -1 EAGAIN (Resource temporarily unavailable)
4853  19:54:34.097716 recvmsg(3,  <unfinished ...>
4849  19:54:34.097722 recvmsg(4,  <unfinished ...>
4853  19:54:34.097727 <... recvmsg resumed> 0x7ffef65f2070, 0) = -1 EAGAIN (Resource temporarily unavailable)
4849  19:54:34.097733 <... recvmsg resumed> 0x7ffef65f25b0, 0) = -1 EAGAIN (Resource temporarily unavailable)
4853  19:54:34.097739 recvmsg(3,  <unfinished ...>
4849  19:54:34.097744 recvmsg(4,  <unfinished ...>
4853  19:54:34.097750 <... recvmsg resumed> 0x7ffef65f2070, 0) = -1 EAGAIN (Resource temporarily unavailable)
4849  19:54:34.097755 <... recvmsg resumed> 0x7ffef65f25b0, 0) = -1 EAGAIN (Resource temporarily unavailable)
4853  19:54:34.097762 geteuid( <unfinished ...>
4849  19:54:34.097768 recvmsg(4,  <unfinished ...>
4853  19:54:34.097773 <... geteuid resumed> ) = 1000
4849  19:54:34.097778 <... recvmsg resumed> 0x7ffef65f25b0, 0) = -1 EAGAIN (Resource temporarily unavailable)
4853  19:54:34.097785 getuid( <unfinished ...>
4849  19:54:34.097790 recvmsg(4,  <unfinished ...>
4853  19:54:34.097796 <... getuid resumed> ) = 1000
4849  19:54:34.097801 <... recvmsg resumed> 0x7ffef65f25b0, 0) = -1 EAGAIN (Resource temporarily unavailable)
4849  19:54:34.097812 recvmsg(4,  <unfinished ...>
4853  19:54:34.097817 fstat(5,  <unfinished ...>
4849  19:54:34.097823 <... recvmsg resumed> 0x7ffef65f25b0, 0) = -1 EAGAIN (Resource temporarily unavailable)
4853  19:54:34.097829 <... fstat resumed> {st_mode=S_IFCHR|0660, st_rdev=makedev(226, 0), ...}) = 0
4849  19:54:34.097836 recvmsg(4,  <unfinished ...>
4853  19:54:34.097844 readlink("/sys/dev/char/226:0/device/subsystem",  <unfinished ...>
4849  19:54:34.097852 <... recvmsg resumed> 0x7ffef65f25b0, 0) = -1 EAGAIN (Resource temporarily unavailable)
4849  19:54:34.097863 recvmsg(4,  <unfinished ...>
4853  19:54:34.097870 <... readlink resumed> "../../../bus/pci", 4096) = 16
4849  19:54:34.097876 <... recvmsg resumed> 0x7ffef65f25b0, 0) = -1 EAGAIN (Resource temporarily unavailable)
4853  19:54:34.097883 open("/dev/dri", O_RDONLY|O_NONBLOCK|O_DIRECTORY|O_CLOEXEC <unfinished ...>
4849  19:54:34.097891 recvmsg(4,  <unfinished ...>
4853  19:54:34.097897 <... open resumed> ) = 6
4849  19:54:34.097903 <... recvmsg resumed> 0x7ffef65f25b0, 0) = -1 EAGAIN (Resource temporarily unavailable)
4853  19:54:34.097909 fstat(6,  <unfinished ...>
4849  19:54:34.097914 recvmsg(4,  <unfinished ...>
4853  19:54:34.097920 <... fstat resumed> {st_mode=S_IFDIR|0755, st_size=80, ...}) = 0
4849  19:54:34.097927 <... recvmsg resumed> 0x7ffef65f25b0, 0) = -1 EAGAIN (Resource temporarily unavailable)
4853  19:54:34.097933 getdents(6,  <unfinished ...>
4849  19:54:34.097939 recvmsg(4,  <unfinished ...>
4853  19:54:34.097945 <... getdents resumed> /* 4 entries */, 32768) = 112
4849  19:54:34.097952 <... recvmsg resumed> 0x7ffef65f25b0, 0) = -1 EAGAIN (Resource temporarily unavailable)
4853  19:54:34.097959 stat("/dev/dri/card0",  <unfinished ...>
4849  19:54:34.097966 recvmsg(4,  <unfinished ...>
4853  19:54:34.097972 <... stat resumed> {st_mode=S_IFCHR|0660, st_rdev=makedev(226, 0), ...}) = 0
4849  19:54:34.097979 <... recvmsg resumed> 0x7ffef65f25b0, 0) = -1 EAGAIN (Resource temporarily unavailable)
4853  19:54:34.097986 readlink("/sys/dev/char/226:0/device/subsystem",  <unfinished ...>
4849  19:54:34.097992 recvmsg(4,  <unfinished ...>
4853  19:54:34.098000 <... readlink resumed> "../../../bus/pci", 4096) = 16
4849  19:54:34.098006 <... recvmsg resumed> 0x7ffef65f25b0, 0) = -1 EAGAIN (Resource temporarily unavailable)
4853  19:54:34.098014 open("/sys/dev/char/226:0/device/uevent", O_RDONLY <unfinished ...>
4849  19:54:34.098021 recvmsg(4,  <unfinished ...>
4853  19:54:34.098032 <... open resumed> ) = 7
4849  19:54:34.098038 <... recvmsg resumed> 0x7ffef65f25b0, 0) = -1 EAGAIN (Resource temporarily unavailable)
4853  19:54:34.098045 fstat(7,  <unfinished ...>
4849  19:54:34.098050 recvmsg(4,  <unfinished ...>
4853  19:54:34.098056 <... fstat resumed> {st_mode=S_IFREG|0644, st_size=4096, ...}) = 0
4849  19:54:34.098063 <... recvmsg resumed> 0x7ffef65f25b0, 0) = -1 EAGAIN (Resource temporarily unavailable)
4853  19:54:34.098070 read(7,  <unfinished ...>
4849  19:54:34.098075 recvmsg(4, 0x7ffef65f25b0, 0) = -1 EAGAIN (Resource temporarily unavailable)
4853  19:54:34.098088 <... read resumed> "DRIVER=i915\nPCI_CLASS=30000\nPCI_"..., 4096) = 159
4849  19:54:34.098095 recvmsg(4,  <unfinished ...>
4853  19:54:34.098102 close(7 <unfinished ...>
4849  19:54:34.098107 <... recvmsg resumed> 0x7ffef65f25b0, 0) = -1 EAGAIN (Resource temporarily unavailable)
4853  19:54:34.098114 <... close resumed> ) = 0
4849  19:54:34.098119 recvmsg(4,  <unfinished ...>
4853  19:54:34.098126 open("/sys/dev/char/226:0/device/vendor", O_RDONLY <unfinished ...>
4849  19:54:34.098134 <... recvmsg resumed> 0x7ffef65f25b0, 0) = -1 EAGAIN (Resource temporarily unavailable)
4853  19:54:34.098142 <... open resumed> ) = 7
4849  19:54:34.098148 recvmsg(4,  <unfinished ...>
4853  19:54:34.098155 fstat(7,  <unfinished ...>
4849  19:54:34.098160 <... recvmsg resumed> 0x7ffef65f25b0, 0) = -1 EAGAIN (Resource temporarily unavailable)
4853  19:54:34.098166 <... fstat resumed> {st_mode=S_IFREG|0444, st_size=4096, ...}) = 0
4849  19:54:34.098173 recvmsg(4,  <unfinished ...>
4853  19:54:34.098179 read(7,  <unfinished ...>
4849  19:54:34.098184 <... recvmsg resumed> 0x7ffef65f25b0, 0) = -1 EAGAIN (Resource temporarily unavailable)
4853  19:54:34.098191 <... read resumed> "0x8086\n", 4096) = 7
4849  19:54:34.098198 recvmsg(4,  <unfinished ...>
4853  19:54:34.098204 close(7 <unfinished ...>
4849  19:54:34.098209 <... recvmsg resumed> 0x7ffef65f25b0, 0) = -1 EAGAIN (Resource temporarily unavailable)
4853  19:54:34.098216 <... close resumed> ) = 0
4849  19:54:34.098221 recvmsg(4,  <unfinished ...>
4853  19:54:34.098227 open("/sys/dev/char/226:0/device/device", O_RDONLY <unfinished ...>
4849  19:54:34.098234 <... recvmsg resumed> 0x7ffef65f25b0, 0) = -1 EAGAIN (Resource temporarily unavailable)
4853  19:54:34.098242 <... open resumed> ) = 7
4849  19:54:34.098248 recvmsg(4,  <unfinished ...>
4853  19:54:34.098254 fstat(7,  <unfinished ...>
4849  19:54:34.098259 <... recvmsg resumed> 0x7ffef65f25b0, 0) = -1 EAGAIN (Resource temporarily unavailable)
4853  19:54:34.098266 <... fstat resumed> {st_mode=S_IFREG|0444, st_size=4096, ...}) = 0
4849  19:54:34.098272 recvmsg(4,  <unfinished ...>
4853  19:54:34.098278 read(7,  <unfinished ...>
4849  19:54:34.098283 <... recvmsg resumed> 0x7ffef65f25b0, 0) = -1 EAGAIN (Resource temporarily unavailable)
4853  19:54:34.098290 <... read resumed> "0x591b\n", 4096) = 7
4853  19:54:34.098300 close(7 <unfinished ...>
4849  19:54:34.098309 poll([{fd=4, events=POLLIN|POLLOUT}], 1, -1 <unfinished ...>
4853  19:54:34.098316 <... close resumed> ) = 0
4849  19:54:34.098321 <... poll resumed> ) = 1 ([{fd=4, revents=POLLOUT}])
4853  19:54:34.098329 open("/sys/dev/char/226:0/device/subsystem_vendor", O_RDONLY <unfinished ...>
4849  19:54:34.098336 writev(4, [{"b\0\4\0\5\0\0\0", 8}, {"RANDR", 5}, {"\0\0\0", 3}], 3 <unfinished ...>
4853  19:54:34.098349 <... open resumed> ) = 7
4849  19:54:34.098354 <... writev resumed> ) = 16
4853  19:54:34.098360 fstat(7,  <unfinished ...>
4849  19:54:34.098366 poll([{fd=4, events=POLLIN}], 1, -1 <unfinished ...>
4853  19:54:34.098373 <... fstat resumed> {st_mode=S_IFREG|0444, st_size=4096, ...}) = 0
4853  19:54:34.098382 read(7, "0x17aa\n", 4096) = 7
4853  19:54:34.098399 close(7 <unfinished ...>
4849  19:54:34.098405 <... poll resumed> ) = 1 ([{fd=4, revents=POLLIN}])
4853  19:54:34.098412 <... close resumed> ) = 0
4849  19:54:34.098417 recvmsg(4,  <unfinished ...>
4853  19:54:34.098424 open("/sys/dev/char/226:0/device/subsystem_device", O_RDONLY <unfinished ...>
4849  19:54:34.098433 <... recvmsg resumed> {msg_name(0)=NULL, msg_iov(1)=[{"\1\0006\0\0\0\0\0\1\214Y\223\0\0\0\0\0\0\0\0\0\0\0\0\0\0\0\0\0\0\0\0", 4096}], msg_controllen=0, msg_flags=0}, 0) = 32
4853  19:54:34.098445 <... open resumed> ) = 7
4849  19:54:34.098450 recvmsg(4,  <unfinished ...>
4853  19:54:34.098456 fstat(7,  <unfinished ...>
4849  19:54:34.098462 <... recvmsg resumed> 0x7ffef65f25b0, 0) = -1 EAGAIN (Resource temporarily unavailable)
4853  19:54:34.098468 <... fstat resumed> {st_mode=S_IFREG|0444, st_size=4096, ...}) = 0
4849  19:54:34.098475 recvmsg(4,  <unfinished ...>
4853  19:54:34.098481 read(7,  <unfinished ...>
4849  19:54:34.098486 <... recvmsg resumed> 0x7ffef65f25b0, 0) = -1 EAGAIN (Resource temporarily unavailable)
4853  19:54:34.098493 <... read resumed> "0x5066\n", 4096) = 7
4849  19:54:34.098499 poll([{fd=4, events=POLLIN|POLLOUT}], 1, -1 <unfinished ...>
4853  19:54:34.098507 close(7 <unfinished ...>
4849  19:54:34.098512 <... poll resumed> ) = 1 ([{fd=4, revents=POLLOUT}])
4853  19:54:34.098519 <... close resumed> ) = 0
4849  19:54:34.098524 writev(4, [{"b\0\10\0\27\0\0\0", 8}, {"Generic Event Extension", 23}, {"\0", 1}], 3 <unfinished ...>
4853  19:54:34.098535 stat("/dev/dri/renderD128",  <unfinished ...>
4849  19:54:34.098542 <... writev resumed> ) = 32
4853  19:54:34.098548 <... stat resumed> {st_mode=S_IFCHR|0660, st_rdev=makedev(226, 128), ...}) = 0
4849  19:54:34.098555 poll([{fd=4, events=POLLIN}], 1, -1 <unfinished ...>
4853  19:54:34.098562 readlink("/sys/dev/char/226:128/device/subsystem",  <unfinished ...>
4849  19:54:34.098577 <... poll resumed> ) = 1 ([{fd=4, revents=POLLIN}])
4853  19:54:34.098584 <... readlink resumed> "../../../bus/pci", 4096) = 16
4849  19:54:34.098590 recvmsg(4,  <unfinished ...>
4853  19:54:34.098597 open("/sys/dev/char/226:128/device/uevent", O_RDONLY <unfinished ...>
4849  19:54:34.098604 <... recvmsg resumed> {msg_name(0)=NULL, msg_iov(1)=[{"\1\0007\0\0\0\0\0\1\200\0\0\0\0\0\0\0\0\0\0\0\0\0\0\0\0\0\0\0\0\0\0", 4096}], msg_controllen=0, msg_flags=0}, 0) = 32
4853  19:54:34.098614 <... open resumed> ) = 7
4849  19:54:34.098620 recvmsg(4,  <unfinished ...>
4853  19:54:34.098626 fstat(7,  <unfinished ...>
4849  19:54:34.098631 <... recvmsg resumed> 0x7ffef65f2510, 0) = -1 EAGAIN (Resource temporarily unavailable)
4853  19:54:34.098638 <... fstat resumed> {st_mode=S_IFREG|0644, st_size=4096, ...}) = 0
4849  19:54:34.098644 recvmsg(4,  <unfinished ...>
4853  19:54:34.098650 read(7,  <unfinished ...>
4849  19:54:34.098655 <... recvmsg resumed> 0x7ffef65f2510, 0) = -1 EAGAIN (Resource temporarily unavailable)
4853  19:54:34.098663 <... read resumed> "DRIVER=i915\nPCI_CLASS=30000\nPCI_"..., 4096) = 159
4849  19:54:34.098670 poll([{fd=4, events=POLLIN|POLLOUT}], 1, -1 <unfinished ...>
4853  19:54:34.098677 close(7 <unfinished ...>
4849  19:54:34.098683 <... poll resumed> ) = 1 ([{fd=4, revents=POLLOUT}])
4853  19:54:34.098690 <... close resumed> ) = 0
4849  19:54:34.098695 writev(4, [{"\200\0\2\0\1\0\0\0", 8}, {NULL, 0}, {"", 0}], 3 <unfinished ...>
4853  19:54:34.098705 open("/sys/dev/char/226:128/device/vendor", O_RDONLY <unfinished ...>
4849  19:54:34.098712 <... writev resumed> ) = 8
4853  19:54:34.098719 <... open resumed> ) = 7
4849  19:54:34.098725 poll([{fd=4, events=POLLIN}], 1, -1 <unfinished ...>
4853  19:54:34.098733 fstat(7, {st_mode=S_IFREG|0444, st_size=4096, ...}) = 0
4853  19:54:34.098748 read(7, "0x8086\n", 4096) = 7
4849  19:54:34.098762 <... poll resumed> ) = 1 ([{fd=4, revents=POLLIN}])
4853  19:54:34.098770 close(7 <unfinished ...>
4849  19:54:34.098775 recvmsg(4,  <unfinished ...>
4853  19:54:34.098781 <... close resumed> ) = 0
4849  19:54:34.098786 <... recvmsg resumed> {msg_name(0)=NULL, msg_iov(1)=[{"\1\0008\0\0\0\0\0\1\0\0\0\0\0\0\0\0\0\0\0\0\0\0\0\0\0\0\0\0\0\0\0", 4096}], msg_controllen=0, msg_flags=0}, 0) = 32
4853  19:54:34.098795 open("/sys/dev/char/226:128/device/device", O_RDONLY <unfinished ...>
4849  19:54:34.098802 recvmsg(4,  <unfinished ...>
4853  19:54:34.098809 <... open resumed> ) = 7
4849  19:54:34.098815 <... recvmsg resumed> 0x7ffef65f25d0, 0) = -1 EAGAIN (Resource temporarily unavailable)
4853  19:54:34.098824 fstat(7,  <unfinished ...>
4849  19:54:34.098830 recvmsg(4,  <unfinished ...>
4853  19:54:34.098836 <... fstat resumed> {st_mode=S_IFREG|0444, st_size=4096, ...}) = 0
4849  19:54:34.098842 <... recvmsg resumed> 0x7ffef65f25d0, 0) = -1 EAGAIN (Resource temporarily unavailable)
4853  19:54:34.098849 read(7,  <unfinished ...>
4849  19:54:34.098854 poll([{fd=4, events=POLLIN|POLLOUT}], 1, -1 <unfinished ...>
4853  19:54:34.098862 <... read resumed> "0x591b\n", 4096) = 7
4849  19:54:34.098868 <... poll resumed> ) = 1 ([{fd=4, revents=POLLOUT}])
4853  19:54:34.098875 close(7 <unfinished ...>
4849  19:54:34.098880 writev(4, [{"\214\0\3\0\1\0\0\0\5\0\0\0", 12}, {NULL, 0}, {"", 0}], 3 <unfinished ...>
4853  19:54:34.098889 <... close resumed> ) = 0
4849  19:54:34.098894 <... writev resumed> ) = 12
4853  19:54:34.098901 open("/sys/dev/char/226:128/device/subsystem_vendor", O_RDONLY <unfinished ...>
4849  19:54:34.098908 poll([{fd=4, events=POLLIN}], 1, -1 <unfinished ...>
4853  19:54:34.098917 <... open resumed> ) = 7
4853  19:54:34.098925 fstat(7, {st_mode=S_IFREG|0444, st_size=4096, ...}) = 0
4853  19:54:34.098941 read(7,  <unfinished ...>
4849  19:54:34.098947 <... poll resumed> ) = 1 ([{fd=4, revents=POLLIN}])
4853  19:54:34.098954 <... read resumed> "0x17aa\n", 4096) = 7
4849  19:54:34.098960 recvmsg(4,  <unfinished ...>
4853  19:54:34.098967 close(7 <unfinished ...>
4849  19:54:34.098972 <... recvmsg resumed> {msg_name(0)=NULL, msg_iov(1)=[{"\1\0009\0\0\0\0\0\1\0\0\0\5\0\0\0\0\0\0\0\0\0\0\0\0\0\0\0\0\0\0\0", 4096}], msg_controllen=0, msg_flags=0}, 0) = 32
4853  19:54:34.098980 <... close resumed> ) = 0
4849  19:54:34.098985 recvmsg(4,  <unfinished ...>
4853  19:54:34.098992 open("/sys/dev/char/226:128/device/subsystem_device", O_RDONLY <unfinished ...>
4849  19:54:34.098999 <... recvmsg resumed> 0x7ffef65f2690, 0) = -1 EAGAIN (Resource temporarily unavailable)
4853  19:54:34.099007 <... open resumed> ) = 7
4849  19:54:34.099012 recvmsg(4,  <unfinished ...>
4853  19:54:34.099018 fstat(7,  <unfinished ...>
4849  19:54:34.099023 <... recvmsg resumed> 0x7ffef65f2690, 0) = -1 EAGAIN (Resource temporarily unavailable)
4853  19:54:34.099030 <... fstat resumed> {st_mode=S_IFREG|0444, st_size=4096, ...}) = 0
4849  19:54:34.099036 futex(0x7f03bd375428, FUTEX_WAKE_PRIVATE, 2147483647 <unfinished ...>
4853  19:54:34.099043 read(7,  <unfinished ...>
4849  19:54:34.099048 <... futex resumed> ) = 0
4853  19:54:34.099054 <... read resumed> "0x5066\n", 4096) = 7
4849  19:54:34.099060 futex(0x7f03bd375428, FUTEX_WAKE_PRIVATE, 2147483647 <unfinished ...>
4853  19:54:34.099066 close(7 <unfinished ...>
4849  19:54:34.099071 <... futex resumed> ) = 0
4853  19:54:34.099077 <... close resumed> ) = 0
4853  19:54:34.099086 getdents(6, /* 0 entries */, 32768) = 0
4849  19:54:34.099107 poll([{fd=4, events=POLLIN|POLLOUT}], 1, -1 <unfinished ...>
4853  19:54:34.099116 close(6 <unfinished ...>
4849  19:54:34.099121 <... poll resumed> ) = 1 ([{fd=4, revents=POLLOUT}])
4853  19:54:34.099129 <... close resumed> ) = 0
4849  19:54:34.099134 writev(4, [{"\214\31\2\0S\1\0\0", 8}, {NULL, 0}, {"", 0}], 3) = 8
4849  19:54:34.099158 poll([{fd=4, events=POLLIN}], 1, -1 <unfinished ...>
4853  19:54:34.099166 geteuid()         = 1000
4853  19:54:34.099179 getuid()          = 1000
4849  19:54:34.099193 <... poll resumed> ) = 1 ([{fd=4, revents=POLLIN}])
4849  19:54:34.099205 recvmsg(4,  <unfinished ...>
4853  19:54:34.099211 open("/usr/lib/x86_64-linux-gnu/dri/tls/i965_dri.so", O_RDONLY|O_CLOEXEC <unfinished ...>
4849  19:54:34.099218 <... recvmsg resumed> {msg_name(0)=NULL, msg_iov(1)=[{"\1\0:\0\2\1\0\0k\313\0\0\26\220\0\0\4\0\3\0\31\0\311\0\0\0\0\0\0\0\0\0"..., 4096}], msg_controllen=0, msg_flags=0}, 0) = 1064
4853  19:54:34.099228 <... open resumed> ) = -1 ENOENT (No such file or directory)
4849  19:54:34.099233 recvmsg(4, 0x7ffef65f24c0, 0) = -1 EAGAIN (Resource temporarily unavailable)
4853  19:54:34.099248 open("/usr/lib/x86_64-linux-gnu/dri/i965_dri.so", O_RDONLY|O_CLOEXEC <unfinished ...>
4849  19:54:34.099260 recvmsg(4,  <unfinished ...>
4853  19:54:34.099267 <... open resumed> ) = 6
4849  19:54:34.099272 <... recvmsg resumed> 0x7ffef65f24c0, 0) = -1 EAGAIN (Resource temporarily unavailable)
4853  19:54:34.099278 read(6,  <unfinished ...>
4849  19:54:34.099287 poll([{fd=4, events=POLLIN|POLLOUT}], 1, -1 <unfinished ...>
4853  19:54:34.099294 <... read resumed> "\177ELF\2\1\1\0\0\0\0\0\0\0\0\0\3\0>\0\1\0\0\0\360\335\5\0\0\0\0\0"..., 832) = 832
4849  19:54:34.099301 <... poll resumed> ) = 1 ([{fd=4, revents=POLLOUT}])
4853  19:54:34.099308 fstat(6,  <unfinished ...>
4849  19:54:34.099313 writev(4, [{"\214*\3\0S\1\0\0\1\0\0\0", 12}, {NULL, 0}, {"", 0}], 3 <unfinished ...>
4853  19:54:34.099322 <... fstat resumed> {st_mode=S_IFREG|0644, st_size=9678240, ...}) = 0
4849  19:54:34.099329 <... writev resumed> ) = 12
4853  19:54:34.099336 mmap(NULL, 12449224, PROT_READ|PROT_EXEC, MAP_PRIVATE|MAP_DENYWRITE, 6, 0 <unfinished ...>
4849  19:54:34.099344 poll([{fd=4, events=POLLIN}], 1, -1 <unfinished ...>
4853  19:54:34.099353 <... mmap resumed> ) = 0x7f03ad08f000
4849  19:54:34.099359 <... poll resumed> ) = 1 ([{fd=4, revents=POLLIN}])
4853  19:54:34.099366 mprotect(0x7f03ad96f000, 2097152, PROT_NONE <unfinished ...>
4849  19:54:34.099371 recvmsg(4,  <unfinished ...>
4853  19:54:34.099378 <... mprotect resumed> ) = 0
4849  19:54:34.099384 <... recvmsg resumed> {msg_name(0)=NULL, msg_iov(1)=[{"\1\0;\0\7\0\0\0\26\220\0\0\1\0\0\0\1\0\0\0\0\0\0\0\0\0\0\0\0\0\0\0"..., 4096}], msg_controllen=0, msg_flags=0}, 0) = 60
4853  19:54:34.099393 mmap(0x7f03adb6f000, 372736, PROT_READ|PROT_WRITE, MAP_PRIVATE|MAP_FIXED|MAP_DENYWRITE, 6, 0x8e0000 <unfinished ...>
4849  19:54:34.099399 recvmsg(4,  <unfinished ...>
4853  19:54:34.099406 <... mmap resumed> ) = 0x7f03adb6f000
4849  19:54:34.099412 <... recvmsg resumed> 0x7ffef65f2520, 0) = -1 EAGAIN (Resource temporarily unavailable)
4853  19:54:34.099420 mmap(0x7f03adbca000, 673224, PROT_READ|PROT_WRITE, MAP_PRIVATE|MAP_FIXED|MAP_ANONYMOUS, -1, 0 <unfinished ...>
4849  19:54:34.099427 recvmsg(4,  <unfinished ...>
4853  19:54:34.099434 <... mmap resumed> ) = 0x7f03adbca000
4849  19:54:34.099439 <... recvmsg resumed> 0x7ffef65f2520, 0) = -1 EAGAIN (Resource temporarily unavailable)
4853  19:54:34.099447 close(6 <unfinished ...>
4849  19:54:34.099456 poll([{fd=4, events=POLLIN|POLLOUT}], 1, -1 <unfinished ...>
4853  19:54:34.099463 <... close resumed> ) = 0
4849  19:54:34.099468 <... poll resumed> ) = 1 ([{fd=4, revents=POLLOUT}])
4849  19:54:34.099479 writev(4, [{"\214\t\3\0C\0\0\0\26\220\0\0", 12}, {NULL, 0}, {"", 0}], 3 <unfinished ...>
4853  19:54:34.099497 open("/etc/ld.so.cache", O_RDONLY|O_CLOEXEC <unfinished ...>
4849  19:54:34.099507 <... writev resumed> ) = 12
4853  19:54:34.099514 <... open resumed> ) = 6
4849  19:54:34.099519 poll([{fd=4, events=POLLIN}], 1, -1 <unfinished ...>
4853  19:54:34.099526 fstat(6,  <unfinished ...>
4849  19:54:34.099532 <... poll resumed> ) = 1 ([{fd=4, revents=POLLIN}])
4853  19:54:34.099564 <... fstat resumed> {st_mode=S_IFREG|0644, st_size=102917, ...}) = 0
4849  19:54:34.099572 recvmsg(4,  <unfinished ...>
4853  19:54:34.099578 mmap(NULL, 102917, PROT_READ, MAP_PRIVATE, 6, 0 <unfinished ...>
4849  19:54:34.099583 <... recvmsg resumed> {msg_name(0)=NULL, msg_iov(1)=[{"\1\0<\0\36\0\0\0k\313\0\0?\0\0\0X\1\0\0\302\0\0\0\0\0\3\0\31\0\1\0"..., 4096}], msg_controllen=0, msg_flags=0}, 0) = 152
4853  19:54:34.099593 <... mmap resumed> ) = 0x7f03c3608000
4849  19:54:34.099599 recvmsg(4,  <unfinished ...>
4853  19:54:34.099604 close(6 <unfinished ...>
4849  19:54:34.099609 <... recvmsg resumed> 0x7ffef65f2530, 0) = -1 EAGAIN (Resource temporarily unavailable)
4853  19:54:34.099616 <... close resumed> ) = 0
4849  19:54:34.099621 recvmsg(4,  <unfinished ...>
4853  19:54:34.099627 access("/etc/ld.so.nohwcap", F_OK <unfinished ...>
4849  19:54:34.099634 <... recvmsg resumed> 0x7ffef65f2530, 0) = -1 EAGAIN (Resource temporarily unavailable)
4853  19:54:34.099641 <... access resumed> ) = -1 ENOENT (No such file or directory)
4853  19:54:34.099656 open("/usr/lib/x86_64-linux-gnu/libdrm_intel.so.1", O_RDONLY|O_CLOEXEC) = 6
4849  19:54:34.099672 futex(0x7f03bd375428, FUTEX_WAKE_PRIVATE, 2147483647 <unfinished ...>
4853  19:54:34.099679 read(6,  <unfinished ...>
4849  19:54:34.099684 <... futex resumed> ) = 0
4853  19:54:34.099690 <... read resumed> "\177ELF\2\1\1\0\0\0\0\0\0\0\0\0\3\0>\0\1\0\0\0p0\0\0\0\0\0\0"..., 832) = 832
4849  19:54:34.099697 futex(0x7f03bd375428, FUTEX_WAKE_PRIVATE, 2147483647 <unfinished ...>
4853  19:54:34.099703 fstat(6,  <unfinished ...>
4849  19:54:34.099708 <... futex resumed> ) = 0
4853  19:54:34.099714 <... fstat resumed> {st_mode=S_IFREG|0644, st_size=147504, ...}) = 0
4853  19:54:34.099727 mmap(NULL, 2242656, PROT_READ|PROT_EXEC, MAP_PRIVATE|MAP_DENYWRITE, 6, 0) = 0x7f03ace6b000
4853  19:54:34.099745 mprotect(0x7f03ace8d000, 2097152, PROT_NONE <unfinished ...>
4849  19:54:34.099751 poll([{fd=4, events=POLLIN|POLLOUT}], 1, -1 <unfinished ...>
4853  19:54:34.099760 <... mprotect resumed> ) = 0
4849  19:54:34.099765 <... poll resumed> ) = 1 ([{fd=4, revents=POLLOUT}])
4853  19:54:34.099772 mmap(0x7f03ad08d000, 8192, PROT_READ|PROT_WRITE, MAP_PRIVATE|MAP_FIXED|MAP_DENYWRITE, 6, 0x22000 <unfinished ...>
4849  19:54:34.099778 writev(4, [{"\2\t\4\0S\1\0\0\0\10\0\0\0\0\2\0\214\4\3\0S\1\0\0\v\0\0\0\24\0\6\0"..., 52}, {NULL, 0}, {"", 0}], 3 <unfinished ...>
4853  19:54:34.099789 <... mmap resumed> ) = 0x7f03ad08d000
4849  19:54:34.099794 <... writev resumed> ) = 52
4853  19:54:34.099801 close(6 <unfinished ...>
4849  19:54:34.099807 poll([{fd=4, events=POLLIN}], 1, -1 <unfinished ...>
4853  19:54:34.099815 <... close resumed> ) = 0
4853  19:54:34.099832 access("/etc/ld.so.nohwcap", F_OK) = -1 ENOENT (No such file or directory)
4849  19:54:34.099851 <... poll resumed> ) = 1 ([{fd=4, revents=POLLIN}])
4853  19:54:34.099858 open("/usr/lib/x86_64-linux-gnu/libdrm_nouveau.so.2", O_RDONLY|O_CLOEXEC <unfinished ...>
4849  19:54:34.099865 recvmsg(4,  <unfinished ...>
4853  19:54:34.099871 <... open resumed> ) = 6
4849  19:54:34.099877 <... recvmsg resumed> {msg_name(0)=NULL, msg_iov(1)=[{"\1 ?\0\2\0\0\0\23\0\0\0\0\0\0\0\2\0\0\0\0\0\0\0\0\0\0\0\0\0\0\0"..., 4096}], msg_controllen=0, msg_flags=0}, 0) = 40
4853  19:54:34.099886 read(6,  <unfinished ...>
4849  19:54:34.099891 recvmsg(4,  <unfinished ...>
4853  19:54:34.099897 <... read resumed> "\177ELF\2\1\1\0\0\0\0\0\0\0\0\0\3\0>\0\1\0\0\0\300\26\0\0\0\0\0\0"..., 832) = 832
4849  19:54:34.099903 <... recvmsg resumed> 0x7ffef65f2430, 0) = -1 EAGAIN (Resource temporarily unavailable)
4853  19:54:34.099910 fstat(6,  <unfinished ...>
4849  19:54:34.099915 recvmsg(4,  <unfinished ...>
4853  19:54:34.099921 <... fstat resumed> {st_mode=S_IFREG|0644, st_size=30936, ...}) = 0
4849  19:54:34.099927 <... recvmsg resumed> 0x7ffef65f2430, 0) = -1 EAGAIN (Resource temporarily unavailable)
4853  19:54:34.099935 mmap(NULL, 2126080, PROT_READ|PROT_EXEC, MAP_PRIVATE|MAP_DENYWRITE, 6, 0 <unfinished ...>
4849  19:54:34.099946 futex(0x7f03bd375428, FUTEX_WAKE_PRIVATE, 2147483647 <unfinished ...>
4853  19:54:34.099952 <... mmap resumed> ) = 0x7f03acc63000
4849  19:54:34.099957 <... futex resumed> ) = 0
